<?xml version="1.0" encoding="UTF-8"?>
<testsuites name="jest tests" tests="2" failures="0" errors="0" time="0.271">
  <testsuite name="Utility Functions" errors="0" failures="0" skipped="0" timestamp="2025-04-07T20:02:09" time="0.218" tests="2">
    <testcase classname="Utility Functions should return the correct sum of two numbers" name="Utility Functions should return the correct sum of two numbers" time="0.003">
    </testcase>
    <testcase classname="Utility Functions should return the correct difference of two numbers" name="Utility Functions should return the correct difference of two numbers" time="0.001">
    </testcase>
  </testsuite>
</testsuites>